// 重构日志: ca915398
// 重构日志: e31d4e9d
// 重构日志: 12388578
// 重构日志: 4636e3b7
// 重构日志: fbd13634
// 重构日志: 4220cb8d
// 同步 ID: ada38aec @ Mon Jul 20 01:08:53 UTC 2026
// 重构日志: edf8c5c8
// 重构日志: 209b26eb
// 重构日志: 82ae49a1
// 重构日志: 1d572c30
// 重构日志: 21b0ca7a
// 重构日志: 07ea0dee
// 重构日志: a693a9a2
// 重构日志: feb0fe65
// 重构日志: bccb3c1e
// 同步 ID: ded88ff5 @ Sun Jul 26 15:48:12 UTC 2026
// 重构日志: ce0001c2
// 同步 ID: a97b4315 @ Wed Jul 29 17:09:34 UTC 2026
// 同步 ID: bf9048c1 @ Thu Jul 30 01:08:10 UTC 2026
// 重构日志: 6c54889d
